=== monitor iteration 1 2026-06-26 10:47:37 ===
balanced: ok session=vista2mqsc_sam2_balanced_cuda1 rows=0 live_lines=0 out_dir=output_logs/anchor/vista2mqsc_sam2_balanced_all_0.0_0.2/20260626-104639-balanced-detailed-20260626-104636
quality: ok session=vista2mqsc_sam2_quality_cuda2 rows=0 live_lines=0 out_dir=output_logs/anchor/vista2mqsc_sam2_quality_all_0.0_0.2/20260626-104639-quality-detailed-20260626-104636
0, 47347 MiB, 100 %
1, 26080 MiB, 92 %
2, 32068 MiB, 100 %
3, 16439 MiB, 3 %
=== monitor iteration 2 2026-06-26 10:52:37 ===
balanced: ok session=vista2mqsc_sam2_balanced_cuda1 rows=0 live_lines=0 out_dir=output_logs/anchor/vista2mqsc_sam2_balanced_all_0.0_0.2/20260626-104639-balanced-detailed-20260626-104636
quality: ok session=vista2mqsc_sam2_quality_cuda2 rows=0 live_lines=0 out_dir=output_logs/anchor/vista2mqsc_sam2_quality_all_0.0_0.2/20260626-104639-quality-detailed-20260626-104636
0, 47347 MiB, 100 %
1, 23748 MiB, 0 %
2, 32058 MiB, 77 %
3, 22175 MiB, 70 %
=== monitor iteration 3 2026-06-26 10:57:37 ===
balanced: ok session=vista2mqsc_sam2_balanced_cuda1 rows=0 live_lines=0 out_dir=output_logs/anchor/vista2mqsc_sam2_balanced_all_0.0_0.2/20260626-104639-balanced-detailed-20260626-104636
quality: ok session=vista2mqsc_sam2_quality_cuda2 rows=0 live_lines=0 out_dir=output_logs/anchor/vista2mqsc_sam2_quality_all_0.0_0.2/20260626-104639-quality-detailed-20260626-104636
0, 47347 MiB, 100 %
1, 22432 MiB, 0 %
2, 30274 MiB, 100 %
3, 18567 MiB, 14 %
=== monitor iteration 1 2026-06-26 11:01:34 ===
balanced: ok session=vista2mqsc_sam2_balanced_cuda1 rows=0 live_lines=0 out_dir=output_logs/anchor/vista2mqsc_sam2_balanced_all_0.0_0.2/20260626-104639-balanced-detailed-20260626-104636
quality: ok session=vista2mqsc_sam2_quality_cuda2 rows=0 live_lines=0 out_dir=output_logs/anchor/vista2mqsc_sam2_quality_all_0.0_0.2/20260626-104639-quality-detailed-20260626-104636
0, 47347 MiB, 100 %
1, 22622 MiB, 1 %
2, 26554 MiB, 5 %
3, 23707 MiB, 70 %
=== monitor iteration 2 2026-06-26 11:01:35 ===
balanced: ok session=vista2mqsc_sam2_balanced_cuda1 rows=0 live_lines=0 out_dir=output_logs/anchor/vista2mqsc_sam2_balanced_all_0.0_0.2/20260626-104639-balanced-detailed-20260626-104636
quality: ok session=vista2mqsc_sam2_quality_cuda2 rows=0 live_lines=0 out_dir=output_logs/anchor/vista2mqsc_sam2_quality_all_0.0_0.2/20260626-104639-quality-detailed-20260626-104636
0, 47347 MiB, 100 %
1, 22622 MiB, 0 %
2, 26244 MiB, 10 %
3, 23707 MiB, 91 %
monitor completed after 2 consecutive ok checks
